
> pos-next@0.1.0 type-check
> tsc --noEmit

app/customers/components/details/CustomerDetailHeader.tsx(14,53): error TS2686: 'React' refers to a UMD global, but the current file is a module. Consider adding an import instead.
app/customers/CustomerFeatureLayout.tsx(31,57): error TS2304: Cannot find name 'useCustomerStore'.
